........................................................................ [ 26%]
........................................................................ [ 52%]
........................................................................ [ 78%]
............................................................             [100%]
276 passed in 516.36s (0:08:36)
